===== npm install =====
npm warn deprecated prebuild-install@7.1.3: No longer maintained. Please contact the author of the relevant native addon; alternatives are available.
npm warn deprecated tar@6.2.1: Old versions of tar are not supported, and contain widely publicized security vulnerabilities, which have been fixed in the current version. Please update. Support for old versions may be purchased (at exorbitant rates) by contacting i@izs.me
npm warn deprecated uuid@7.0.3: uuid@10 and below is no longer supported.  For ESM codebases, update to uuid@latest.  For CommonJS codebases, use uuid@11 (but be aware this version will likely be deprecated in 2028).
npm warn deprecated glob@9.3.5: Old versions of glob are not supported, and contain widely publicized security vulnerabilities, which have been fixed in the current version. Please update. Support for old versions may be purchased (at exorbitant rates) by contacting i@izs.me

added 221 packages in 8s
===== cap add android =====
✔ Adding native android project in android in 46.42ms
✔ add in 47.22ms
✔ Copying web assets from www to android/app/src/main/assets/public in 11.82ms
✔ Creating capacitor.config.json in android/app/src/main/assets in 406.99μs
✔ copy android in 20.05ms
✔ Updating Android plugins in 846.76μs
[info] Found 1 Capacitor plugin for android:
       @capacitor/app@8.1.1
✔ update android in 17.83ms
✔ Syncing Gradle in 178.43μs
[success] android platform added!
Follow the Developer Workflow guide to get building:
https://capacitorjs.com/docs/basics/workflow
===== kamerabehörighet =====
<?xml version="1.0" encoding="utf-8"?>
<manifest xmlns:android="http://schemas.android.com/apk/res/android">

    <application
        android:allowBackup="true"
        android:icon="@mipmap/ic_launcher"
        android:label="@string/app_name"
        android:roundIcon="@mipmap/ic_launcher_round"
        android:supportsRtl="true"
        android:theme="@style/AppTheme">

        <activity
            android:configChanges="orientation|keyboardHidden|keyboard|screenSize|locale|smallestScreenSize|screenLayout|uiMode|navigation|density"
            android:name=".MainActivity"
            android:label="@string/title_activity_main"
            android:theme="@style/AppTheme.NoActionBarLaunch"
            android:launchMode="singleTask"
            android:exported="true">

            <intent-filter>
                <action android:name="android.intent.action.MAIN" />
                <category android:name="android.intent.category.LAUNCHER" />
            </intent-filter>

        </activity>

        <provider
            android:name="androidx.core.content.FileProvider"
            android:authorities="${applicationId}.fileprovider"
            android:exported="false"
            android:grantUriPermissions="true">
            <meta-data
                android:name="android.support.FILE_PROVIDER_PATHS"
                android:resource="@xml/file_paths"></meta-data>
        </provider>
    </application>

    <!-- Permissions -->

    <uses-permission android:name="android.permission.INTERNET" />
    <uses-permission android:name="android.permission.CAMERA" />
    <uses-feature android:name="android.hardware.camera" android:required="false" />
</manifest>
===== ikoner =====

> kortkoll@1.0.0 icons
> capacitor-assets generate --android

[log] xml(load) at /home/runner/work/Pokescan/Pokescan/android/app/src/main/AndroidManifest.xml
[log] xml(load) Found root namespaces in XML file: http://schemas.android.com/apk/res/android
Generating assets for android
CREATE android icon /home/runner/work/Pokescan/Pokescan/android/app/src/main/res/mipmap-ldpi/ic_launcher.png (1.39 KB)
CREATE android icon /home/runner/work/Pokescan/Pokescan/android/app/src/main/res/mipmap-mdpi/ic_launcher.png (2.76 KB)
CREATE android icon /home/runner/work/Pokescan/Pokescan/android/app/src/main/res/mipmap-hdpi/ic_launcher.png (6.57 KB)
CREATE android icon /home/runner/work/Pokescan/Pokescan/android/app/src/main/res/mipmap-xhdpi/ic_launcher.png (10.22 KB)
CREATE android icon /home/runner/work/Pokescan/Pokescan/android/app/src/main/res/mipmap-xxhdpi/ic_launcher.png (18.11 KB)
CREATE android icon /home/runner/work/Pokescan/Pokescan/android/app/src/main/res/mipmap-xxxhdpi/ic_launcher.png (25.84 KB)
CREATE android icon /home/runner/work/Pokescan/Pokescan/android/app/src/main/res/mipmap-ldpi/ic_launcher_round.png (3.1 KB)
CREATE android icon /home/runner/work/Pokescan/Pokescan/android/app/src/main/res/mipmap-mdpi/ic_launcher_round.png (4.75 KB)
CREATE android icon /home/runner/work/Pokescan/Pokescan/android/app/src/main/res/mipmap-hdpi/ic_launcher_round.png (7.95 KB)
CREATE android icon /home/runner/work/Pokescan/Pokescan/android/app/src/main/res/mipmap-xhdpi/ic_launcher_round.png (11.35 KB)
CREATE android icon /home/runner/work/Pokescan/Pokescan/android/app/src/main/res/mipmap-xxhdpi/ic_launcher_round.png (17.54 KB)
CREATE android icon /home/runner/work/Pokescan/Pokescan/android/app/src/main/res/mipmap-xxxhdpi/ic_launcher_round.png (23.34 KB)
CREATE android icon /home/runner/work/Pokescan/Pokescan/android/app/src/main/res/mipmap-ldpi/ic_launcher_foreground.png (1.31 KB)
CREATE android icon /home/runner/work/Pokescan/Pokescan/android/app/src/main/res/mipmap-anydpi-v26/ic_launcher.xml
CREATE android icon /home/runner/work/Pokescan/Pokescan/android/app/src/main/res/mipmap-anydpi-v26/ic_launcher_round.xml
CREATE android icon /home/runner/work/Pokescan/Pokescan/android/app/src/main/res/mipmap-mdpi/ic_launcher_foreground.png (1.91 KB)
CREATE android icon /home/runner/work/Pokescan/Pokescan/android/app/src/main/res/mipmap-anydpi-v26/ic_launcher.xml
CREATE android icon /home/runner/work/Pokescan/Pokescan/android/app/src/main/res/mipmap-anydpi-v26/ic_launcher_round.xml
CREATE android icon /home/runner/work/Pokescan/Pokescan/android/app/src/main/res/mipmap-hdpi/ic_launcher_foreground.png (3.29 KB)
CREATE android icon /home/runner/work/Pokescan/Pokescan/android/app/src/main/res/mipmap-anydpi-v26/ic_launcher.xml
CREATE android icon /home/runner/work/Pokescan/Pokescan/android/app/src/main/res/mipmap-anydpi-v26/ic_launcher_round.xml
CREATE android icon /home/runner/work/Pokescan/Pokescan/android/app/src/main/res/mipmap-xhdpi/ic_launcher_foreground.png (4.83 KB)
CREATE android icon /home/runner/work/Pokescan/Pokescan/android/app/src/main/res/mipmap-anydpi-v26/ic_launcher.xml
CREATE android icon /home/runner/work/Pokescan/Pokescan/android/app/src/main/res/mipmap-anydpi-v26/ic_launcher_round.xml
CREATE android icon /home/runner/work/Pokescan/Pokescan/android/app/src/main/res/mipmap-xxhdpi/ic_launcher_foreground.png (8.25 KB)
CREATE android icon /home/runner/work/Pokescan/Pokescan/android/app/src/main/res/mipmap-anydpi-v26/ic_launcher.xml
CREATE android icon /home/runner/work/Pokescan/Pokescan/android/app/src/main/res/mipmap-anydpi-v26/ic_launcher_round.xml
CREATE android icon /home/runner/work/Pokescan/Pokescan/android/app/src/main/res/mipmap-xxxhdpi/ic_launcher_foreground.png (11.21 KB)
CREATE android icon /home/runner/work/Pokescan/Pokescan/android/app/src/main/res/mipmap-anydpi-v26/ic_launcher.xml
CREATE android icon /home/runner/work/Pokescan/Pokescan/android/app/src/main/res/mipmap-anydpi-v26/ic_launcher_round.xml
CREATE android icon /home/runner/work/Pokescan/Pokescan/android/app/src/main/res/mipmap-ldpi/ic_launcher_background.png (890 B)
CREATE android icon /home/runner/work/Pokescan/Pokescan/android/app/src/main/res/mipmap-anydpi-v26/ic_launcher.xml
CREATE android icon /home/runner/work/Pokescan/Pokescan/android/app/src/main/res/mipmap-anydpi-v26/ic_launcher_round.xml
CREATE android icon /home/runner/work/Pokescan/Pokescan/android/app/src/main/res/mipmap-mdpi/ic_launcher_background.png (1.17 KB)
CREATE android icon /home/runner/work/Pokescan/Pokescan/android/app/src/main/res/mipmap-anydpi-v26/ic_launcher.xml
CREATE android icon /home/runner/work/Pokescan/Pokescan/android/app/src/main/res/mipmap-anydpi-v26/ic_launcher_round.xml
CREATE android icon /home/runner/work/Pokescan/Pokescan/android/app/src/main/res/mipmap-hdpi/ic_launcher_background.png (1.57 KB)
CREATE android icon /home/runner/work/Pokescan/Pokescan/android/app/src/main/res/mipmap-anydpi-v26/ic_launcher.xml
CREATE android icon /home/runner/work/Pokescan/Pokescan/android/app/src/main/res/mipmap-anydpi-v26/ic_launcher_round.xml
CREATE android icon /home/runner/work/Pokescan/Pokescan/android/app/src/main/res/mipmap-xhdpi/ic_launcher_background.png (1.97 KB)
CREATE android icon /home/runner/work/Pokescan/Pokescan/android/app/src/main/res/mipmap-anydpi-v26/ic_launcher.xml
CREATE android icon /home/runner/work/Pokescan/Pokescan/android/app/src/main/res/mipmap-anydpi-v26/ic_launcher_round.xml
CREATE android icon /home/runner/work/Pokescan/Pokescan/android/app/src/main/res/mipmap-xxhdpi/ic_launcher_background.png (2.95 KB)
CREATE android icon /home/runner/work/Pokescan/Pokescan/android/app/src/main/res/mipmap-anydpi-v26/ic_launcher.xml
CREATE android icon /home/runner/work/Pokescan/Pokescan/android/app/src/main/res/mipmap-anydpi-v26/ic_launcher_round.xml
CREATE android icon /home/runner/work/Pokescan/Pokescan/android/app/src/main/res/mipmap-xxxhdpi/ic_launcher_background.png (3.26 KB)
CREATE android icon /home/runner/work/Pokescan/Pokescan/android/app/src/main/res/mipmap-anydpi-v26/ic_launcher.xml
CREATE android icon /home/runner/work/Pokescan/Pokescan/android/app/src/main/res/mipmap-anydpi-v26/ic_launcher_round.xml
CREATE android splash /home/runner/work/Pokescan/Pokescan/android/app/src/main/res/drawable/splash.png (19.34 KB)
CREATE android splash /home/runner/work/Pokescan/Pokescan/android/app/src/main/res/drawable-land-ldpi/splash.png (11.96 KB)
CREATE android splash /home/runner/work/Pokescan/Pokescan/android/app/src/main/res/drawable-land-mdpi/splash.png (19.79 KB)
CREATE android splash /home/runner/work/Pokescan/Pokescan/android/app/src/main/res/drawable-land-hdpi/splash.png (36.38 KB)
CREATE android splash /home/runner/work/Pokescan/Pokescan/android/app/src/main/res/drawable-land-xhdpi/splash.png (67.58 KB)
CREATE android splash /home/runner/work/Pokescan/Pokescan/android/app/src/main/res/drawable-land-xxhdpi/splash.png (94.75 KB)
CREATE android splash /home/runner/work/Pokescan/Pokescan/android/app/src/main/res/drawable-land-xxxhdpi/splash.png (128.01 KB)
CREATE android splash /home/runner/work/Pokescan/Pokescan/android/app/src/main/res/drawable-port-ldpi/splash.png (11.94 KB)
CREATE android splash /home/runner/work/Pokescan/Pokescan/android/app/src/main/res/drawable-port-mdpi/splash.png (19.34 KB)
CREATE android splash /home/runner/work/Pokescan/Pokescan/android/app/src/main/res/drawable-port-hdpi/splash.png (35.97 KB)
CREATE android splash /home/runner/work/Pokescan/Pokescan/android/app/src/main/res/drawable-port-xhdpi/splash.png (65.34 KB)
CREATE android splash /home/runner/work/Pokescan/Pokescan/android/app/src/main/res/drawable-port-xxhdpi/splash.png (90.9 KB)
CREATE android splash /home/runner/work/Pokescan/Pokescan/android/app/src/main/res/drawable-port-xxxhdpi/splash.png (126.14 KB)
CREATE android splash-dark /home/runner/work/Pokescan/Pokescan/android/app/src/main/res/drawable-night/splash.png (11.96 KB)
CREATE android splash-dark /home/runner/work/Pokescan/Pokescan/android/app/src/main/res/drawable-land-night-ldpi/splash.png (11.96 KB)
CREATE android splash-dark /home/runner/work/Pokescan/Pokescan/android/app/src/main/res/drawable-land-night-mdpi/splash.png (19.79 KB)
CREATE android splash-dark /home/runner/work/Pokescan/Pokescan/android/app/src/main/res/drawable-land-night-hdpi/splash.png (36.38 KB)
CREATE android splash-dark /home/runner/work/Pokescan/Pokescan/android/app/src/main/res/drawable-land-night-xhdpi/splash.png (67.58 KB)
CREATE android splash-dark /home/runner/work/Pokescan/Pokescan/android/app/src/main/res/drawable-land-night-xxhdpi/splash.png (94.75 KB)
CREATE android splash-dark /home/runner/work/Pokescan/Pokescan/android/app/src/main/res/drawable-land-night-xxxhdpi/splash.png (128.01 KB)
CREATE android splash-dark /home/runner/work/Pokescan/Pokescan/android/app/src/main/res/drawable-port-night-ldpi/splash.png (11.94 KB)
CREATE android splash-dark /home/runner/work/Pokescan/Pokescan/android/app/src/main/res/drawable-port-night-mdpi/splash.png (19.34 KB)
CREATE android splash-dark /home/runner/work/Pokescan/Pokescan/android/app/src/main/res/drawable-port-night-hdpi/splash.png (35.97 KB)
CREATE android splash-dark /home/runner/work/Pokescan/Pokescan/android/app/src/main/res/drawable-port-night-xhdpi/splash.png (65.34 KB)
CREATE android splash-dark /home/runner/work/Pokescan/Pokescan/android/app/src/main/res/drawable-port-night-xxhdpi/splash.png (90.9 KB)
CREATE android splash-dark /home/runner/work/Pokescan/Pokescan/android/app/src/main/res/drawable-port-night-xxxhdpi/splash.png (126.14 KB)


Totals:
android: 74 generated, 1.59 MB total
===== cap sync =====
✔ Copying web assets from www to android/app/src/main/assets/public in 13.26ms
✔ Creating capacitor.config.json in android/app/src/main/assets in 603.36μs
✔ copy android in 21.50ms
✔ Updating Android plugins in 772.69μs
[info] Found 1 Capacitor plugin for android:
       @capacitor/app@8.1.1
✔ update android in 22.51ms
[info] Sync finished in 0.057s
===== gradle =====
APK OK: 16M
